2025-05-10 22:50:55,081 | INFO | Logger inicializado en C:\Users\jesus\OneDrive - Universidad de Málaga\Cuarto\TFG\NeoplasiaClassifier-ES\output\xlm_r_galen\xlm_r_galen_2\run.log
2025-05-10 22:50:55,081 | INFO | Configuración cargada de C:\Users\jesus\OneDrive - Universidad de Málaga\Cuarto\TFG\NeoplasiaClassifier-ES\config.yaml
2025-05-10 22:50:55,081 | INFO | >>> Modo entrenamiento simple
2025-05-10 23:43:19,641 | INFO | Epoch 1 | TrainLoss 0.6141 | ValAUC 0.8034
2025-05-11 00:39:52,477 | INFO | Epoch 2 | TrainLoss 0.4303 | ValAUC 0.8315
2025-05-11 01:32:59,056 | INFO | Epoch 3 | TrainLoss 0.3204 | ValAUC 0.8832
2025-05-11 02:21:43,731 | INFO | Epoch 4 | TrainLoss 0.2654 | ValAUC 0.8881
2025-05-11 03:13:29,556 | INFO | Epoch 5 | TrainLoss 0.1774 | ValAUC 0.8673
2025-05-11 04:02:51,857 | INFO | Epoch 6 | TrainLoss 0.1214 | ValAUC 0.8874
2025-05-11 04:51:53,709 | INFO | Epoch 7 | TrainLoss 0.0854 | ValAUC 0.8468
2025-05-11 05:43:29,169 | INFO | Epoch 8 | TrainLoss 0.0637 | ValAUC 0.8674
2025-05-11 06:34:07,219 | INFO | Epoch 9 | TrainLoss 0.0288 | ValAUC 0.8728
2025-05-11 07:24:08,508 | INFO | Epoch 10 | TrainLoss 0.0183 | ValAUC 0.8394
2025-05-11 08:17:20,740 | INFO | Epoch 11 | TrainLoss 0.0172 | ValAUC 0.8616
2025-05-11 08:17:20,744 | INFO | >> Early-stopping en epoch 11
2025-05-11 08:17:28,649 | WARNING | Misclasificado (idx=0) – pred=1, real=0, prob=0.524 | texto="(Oct  4 2024  2:49PM ) 1. Enucleacion OD octubre 2010 por melanoma coroides. Agosto 2019 recaida pulmonar única de melanoma operada TC y PET: la LOE hepatica en segmento 5-8 que impresiona de hemangioma atipica o hiperplasia nodular focal con SPECT con hematíes negativo.  2. En seguimiento vuelve a "
2025-05-11 08:17:28,649 | WARNING | Misclasificado (idx=2) – pred=1, real=0, prob=0.792 | texto="(Sep 15 2023  3:15PM ) Mujer de 80 años con antecedentes de colangiocarcinoma intervenido en 2018. Diagnosticada de carcinoma no microcítico de pulmón Estadio IVA TxNxM1a (nódulos múltiples bilaterales).  **Sin material para biomarcadores.   "
2025-05-11 08:17:28,650 | WARNING | Misclasificado (idx=14) – pred=0, real=1, prob=0.050 | texto="(Jul 22 2024  8:36PM ) Varón de 79 años. 1. 27 de Diciembre 2002 se realizó sigmoidectomía por adenocarcinoma de colon G1pT3N1M0.El 17 de Febrero 2003 comenzó tratamiento con quimioterapia adyuvante con esquema Clínica Mc Londres del que recibe tres ciclos. Desde el 15 de Octubre al 19 de Noviembre "
2025-05-11 08:17:33,777 | WARNING | Misclasificado (idx=17) – pred=1, real=0, prob=0.785 | texto="(Abr  2 2024  1:35PM ) n antecedentes de psoriasis es diagnosticado de un condrosarcoma de pared torcacica resecado en diciembre del 2013. Recidiva local en Octubre 2016, resecada (AP: infiltracion focal por condrosarcoma de bajo grado) y radiada (fin feb 2017) Colono julio/19: Adenoma tubulovelloso"
2025-05-11 08:17:33,777 | WARNING | Misclasificado (idx=22) – pred=1, real=0, prob=0.855 | texto="(Nov 20 2024 12:56PM ) 1. Paciente de 78a con Ca. VB Extrahepátca resecado el 8/6/23 pT2N0, Est.IIB --> Adenocarcinoma tipo híbrido (origen mixto intestinal y biliar) de coledoco distal intrapancreático, moderadamente diferenciado de 3.5 cm. 6 mm de espesor máximo de infiltración. Infiltración focal"
2025-05-11 08:17:33,777 | WARNING | Misclasificado (idx=24) – pred=1, real=0, prob=0.930 | texto="(Sep 25 2024  9:20PM ) 1. Paciente de 60 años diagnosticada a los en Noviembre de 2016 a los 55 años de un carcinoma ductal infiltrante de Mama derecha cT2 N1 M0 fenotipo TRIPLE NEGATIVO tratada con quimioterapia neoadyuvante (AC x 4 y Paclitaxel x 12 con reducción de dosis), posterior cirugía conse"
2025-05-11 08:17:38,885 | WARNING | Misclasificado (idx=37) – pred=0, real=1, prob=0.101 | texto="(Abr  1 2024  5:59PM ) Paciente de 81 años con antecedentes de cáncer de cabeza y cuello en 2013. Diagnosticada en julio de 2022 de adenocarcinoma de sigma mucinoso bien diferenciado E. IIA (pT3, N0[0/13],M0), MSS, sin invasión linfovascular ni perineural. Intervenida mediante sigmoidectomía program"
2025-05-11 08:17:38,886 | WARNING | Misclasificado (idx=40) – pred=1, real=0, prob=0.951 | texto="(Jun  9 2024  2:03PM ) -Adenocarcinoma de Colon , T3N1b (estadio III) intervenido, sin tratamiento neo/adyuvante, sin signos de recidiva en la actualidad.   -Adenocarcinoma pulmonar T4N3 (estadio IIIB), EFGR, ALK y ROS1 negativos, (Febrero 2016)   QT-RT CONCOMITANTES -QT + RT concomitantes (fin juni"
2025-05-11 08:17:43,974 | WARNING | Misclasificado (idx=56) – pred=0, real=1, prob=0.141 | texto="(Abr  9 2024  5:58PM ) Mujer de 73 años, con antecedentes de colelitiasis e hipoacusia neurosensorial izquierda de larga data:  1. Diagnosticada en Abril 2023 de un Adenocarcinoma de sigma, con obstrucción intestinal de debut que precisó sigmoidectomía con colostomía terminal de urgencia. pT4a pN0 ("
2025-05-11 08:17:43,975 | WARNING | Misclasificado (idx=58) – pred=0, real=1, prob=0.253 | texto="(Oct 10 2023 12:12PM ) Paciente de 55 años diagnosticada a los 52 años en HMI en 2019 siendo postmenopáusica de cancer de mama bilateral: - DCIS de MD G2 - CDI de MI bifocal G2, T3 (8,2cm) N0 M0 RE 90%, RP 80%, Ki 67 20%, Her2: NEGATIVO, SISH no amplificado tratada mediante quimioterapia neoadyuvant"
2025-05-11 08:17:49,049 | WARNING | Misclasificado (idx=73) – pred=1, real=0, prob=0.616 | texto="(Abr  9 2024 12:48PM ) Paciente de 73 años, diagnosticada de Ca. mama izquierda, Her2 3+, con metástasis cerebral resecada en 2008, en seguimiento. ILE > 16 años.  Otros: fractura de húmero izquierdo en 2016. "
2025-05-11 08:17:49,050 | WARNING | Misclasificado (idx=74) – pred=0, real=1, prob=0.061 | texto="(Nov 21 2023  5:43PM ) * Intervenida en Feb 2017 mediante mastectomía izquierda + BSGC: Carcinoma ductal infiltrante, Luminal B, estadio IIA, alto riesgo por plataforma. * QT (AC-Docetaxel) * Tamoxifeno desde Sept 2017 hasta mayo 2023. Otros: reconstrucción mamaria izquierda en Liechtenstein. Nódulo"
2025-05-11 08:17:49,050 | WARNING | Misclasificado (idx=77) – pred=1, real=0, prob=0.957 | texto="(Mar 30 2023 12:22PM ) Mujer de 79 años, con antecedentes de : 1. Ca. mama tratada con QT / RT / Autotransplante MO en 1995 2. Cardiopatía hipertensiva. FARVR controlada. 3. Sarcoma fusocelular mediastínico posiblemente radioinducido. 4. G8: 7 puntos."
2025-05-11 08:17:54,125 | WARNING | Misclasificado (idx=83) – pred=0, real=1, prob=0.020 | texto="(Feb  6 2024 10:47AM ) Mujer de 69 años, con antecedentes de HTA, DM, Parkinson y trastorno histriónico de la personalidad, es diagnosticada en Diciembre 2022 de un CDI en CSI de MD G2 pT1c (15mm) N0(0/1)M0. Estadio IB. intervenida el 10/01/2023 mediante tumorectomia ampliada + BSGC IHQ: RE: 100%, R"
2025-05-11 08:17:54,125 | WARNING | Misclasificado (idx=95) – pred=1, real=0, prob=0.553 | texto="(Nov 27 2024  1:29PM ) 1. Paciente de 69a, sin AP de interés, fumador, dx de MTS óseas, hepáticas y Adenopáticas de ADC de origen no filiado. NGC con mutación de IDH1 y BAP1; sugieren colangiocarcinoma intrahepático. 2.  RT paliativa en 5/1/24. 2fx separadas 1 semana en dorsal alta T2 y T5 + pala il"
2025-05-11 08:17:59,256 | WARNING | Misclasificado (idx=109) – pred=0, real=1, prob=0.256 | texto="(Dic 30 2024  7:35PM ) AP de Carcinoma de mama en 2004. ---- CARCINOMA SEROSO DE ALTO GRADO DE ENDOMETRIO INFILTRA LA TOTALIDAD DEL MIOMETRIO ALCANZANDO FOCALMENTE LA SEROSA (ESTADIO IIIA) - 14/10/21:HISTERECTOMÍA TOTAL + ANEXECTOMÍA DERECHA. LINFADENECTOMÍA PÉLVICA BILATERAL. LINFADENECTOMÍA PARAAÓ"
2025-05-11 08:18:04,443 | WARNING | Misclasificado (idx=116) – pred=0, real=1, prob=0.206 | texto="(Ene 15 2025  4:47PM ) Premenopaúsica, CDI 1.5 RE+RP+ gg- tratada con cirugía radical en abril 2002 +TMX (fin abril 2007). 08/07/2020 Tumorectomía recidiva subcutánea axilar izq+Vaciamiento axilar. CDI 19 mm. G3 (infiltra el tejido muscular presente en la pieza contactando con el borde quirúrgico pr"
2025-05-11 08:18:09,507 | WARNING | Misclasificado (idx=136) – pred=1, real=0, prob=0.876 | texto="(Ene 17 2024  1:46PM ) Mujer de 76 años, NAMC, con AP de HTA, DM tipo 2, DLP, ca. Mama izq en CSE intervenida y tratada con RT hace 25 años.   - Diagnosticada de CARCINOMA DUCTAL INFILTRANTE DE MAMA IZQUIERDA en UCI con presencia de Ca intraductal grado intermedio (<25%) con extensión a grandes cond"
2025-05-11 08:18:09,507 | WARNING | Misclasificado (idx=142) – pred=0, real=1, prob=0.312 | texto="(Ene 30 2025  1:26PM ) 1- Varón de 79 años, intervenido en Institut Guttmann 22/9 mediante hemicolectomía izquierda: adenocarcinoma de ángulo esplénico, localmente avanzado: pT4b; pN1b; pM1c, ESTADIO IV por afectación de peritoneo (implante resecado). Postoperatorio complejo por SEPSIS POR PERITONIT"
2025-05-11 08:18:14,600 | WARNING | Misclasificado (idx=156) – pred=0, real=1, prob=0.060 | texto="(Ene 31 2025  1:40PM ) 1. Intervenida en Sept. 2019 mediante exanteración pélvica (+ colostomía): Cistadenocarcinoma seroso papilar de ovario estadio IV. QT adyuvante (Carbo-Taxol) que finaliza en Marzo 2020. Otros hallazgos AP: TNE bien diferenciado rectal, de 1,5 cm, G2, índice mitósico < 2, Ki67 "
2025-05-11 08:18:14,601 | WARNING | Misclasificado (idx=158) – pred=0, real=1, prob=0.183 | texto="(Oct 14 2024  4:25PM ) - Paciente diagnosticada de adenocarcinoma endometroide de endometrio G2 Estadio III (pT1bN1). Intervenida el día 15.12.2016: HISTERECTOMÍA + DOBLE ANEXECTOMÍA. MUESTREO GANGLIONAR: REALIZADO= ILÍACO BILATERAL Y AORTO CAVA. Posteriormente ha realizado tratamiento RT desde 25/1"
2025-05-11 08:18:19,695 | WARNING | Misclasificado (idx=163) – pred=1, real=0, prob=0.909 | texto="(Abr 11 2024 11:45AM ) 1. Paciente menopáusica diagnosticada en nov. 2017 de carcinoma de MD de tipo apocrino G2, luminal B, Her2 -, Ki67 20%. * QT neoadyuvante (AC-docetaxel, fin mayo 2018, inició QT en Andalucía). * Intervenida el 28/06/18 mediante cirugía conservadora + GC: respuesta parcial pobr"
2025-05-11 08:18:19,696 | WARNING | Misclasificado (idx=172) – pred=1, real=0, prob=0.964 | texto="(Jun  8 2023 11:52AM ) Paciente de 77 años de edad, con AP de ulcus gástrico   1. CPNCP escamoso estadio IIIA diagnosticado en junio 2009. QT cisplatino-gemcitabina neoadyuvante x 3 ciclos. Lobectomía superior derecha en noviembre 2009. T0N0M0 2. Recaída ganglionar mediastínica en noviembre 2014 tra"
2025-05-11 08:18:23,810 | WARNING | Misclasificado (idx=179) – pred=1, real=0, prob=0.904 | texto="(Dic 16 2024  2:24PM ) Varón 73 años. EPOC, asma. Pre/síncopes de perfil neuromediado. Estudiado por Cardiología en 2021. - 2015: Linfoma de Hodgkin clásico (cel. mixta) estadio IIIBS. ABVD x 6. Fin enero 2016. RC tras 4 ciclos. - Agosto 2021: LF G1, estadio IIIA (afectación ganglionar axila, medias"
2025-05-11 08:18:23,810 | WARNING | Misclasificado (idx=183) – pred=0, real=1, prob=0.034 | texto="(Sep 29 2024 11:57PM ) Varón 45 años.  Sin antecedentes.   - Octubre 2022: Micosis fungoide.  Comienza tratamiento y seguimiento en este centro por Dermatología. Inicialmente fototerapia.  Julio 202: metotrexate 7.5mg/semanal + lexxema.  - Octubre 2023: Sd Sézary. Inicia el 13/11/2023 caelyx 40mg/m2"
2025-05-11 08:18:23,811 | WARNING | Misclasificado (idx=185) – pred=0, real=1, prob=0.263 | texto="(Jun 28 2023  1:48PM ) Mujer premenopausica diagnosticada en abril de 2013 de un  CDI mama derecha de 1.7 cm grado 2 RE+ RPHerceptest+ SLN negtivo, tratada con cirugia conservadora: AC x 4 +Herceptin+TMX. Fin tamoxifeno en Sept 2018. "
2025-05-11 08:18:26,441 | INFO | Test – AUC 0.9211 | F1 0.8617 | Accuracy 0.8624
2025-05-11 08:18:27,529 | INFO | Trabajo completado con éxito 
