2025-05-10 10:22:57,590 | INFO | Logger inicializado en C:\Users\jesus\OneDrive - Universidad de Málaga\Cuarto\TFG\NeoplasiaClassifier-ES\output\xlm_r_galen\xlm_r_galen_1\run.log
2025-05-10 10:22:57,591 | INFO | Configuración cargada de C:\Users\jesus\OneDrive - Universidad de Málaga\Cuarto\TFG\NeoplasiaClassifier-ES\config.yaml
2025-05-10 10:22:57,591 | INFO | >>> Modo entrenamiento simple
2025-05-10 11:27:28,318 | INFO | Epoch 1 | TrainLoss 0.6371 | ValAUC 0.6996
2025-05-10 12:18:59,092 | INFO | Epoch 2 | TrainLoss 0.4789 | ValAUC 0.8306
2025-05-10 13:08:20,097 | INFO | Epoch 3 | TrainLoss 0.3781 | ValAUC 0.8827
2025-05-10 14:00:55,014 | INFO | Epoch 4 | TrainLoss 0.3101 | ValAUC 0.8772
2025-05-10 14:50:47,382 | INFO | Epoch 5 | TrainLoss 0.2317 | ValAUC 0.8723
2025-05-10 15:42:47,768 | INFO | Epoch 6 | TrainLoss 0.1928 | ValAUC 0.8770
2025-05-10 16:32:06,603 | INFO | Epoch 7 | TrainLoss 0.1647 | ValAUC 0.8888
2025-05-10 17:21:12,811 | INFO | Epoch 8 | TrainLoss 0.1180 | ValAUC 0.8726
2025-05-10 18:11:32,300 | INFO | Epoch 9 | TrainLoss 0.0656 | ValAUC 0.8619
2025-05-10 19:00:03,350 | INFO | Epoch 10 | TrainLoss 0.0559 | ValAUC 0.8449
2025-05-10 19:00:03,404 | INFO | >> Early-stopping en epoch 10
2025-05-10 19:00:13,859 | WARNING | Misclasificado (idx=2) – pred=1, real=0, prob=0.966 | texto="(Sep 15 2023  3:15PM ) Mujer de 80 años con antecedentes de colangiocarcinoma intervenido en 2018. Diagnosticada de carcinoma no microcítico de pulmón Estadio IVA TxNxM1a (nódulos múltiples bilaterales).  **Sin material para biomarcadores.   "
2025-05-10 19:00:13,860 | WARNING | Misclasificado (idx=4) – pred=0, real=1, prob=0.272 | texto="(Nov 19 2024  1:31PM ) HTA. Extrasistolias ventriculares. 1. Intervenida en Septiembre del 2019 de un fibroxantoma atípico de 2.5cm supraescapular izquierdo mediante biopsia escisional. 2. Adenocarcinoma de pulmón en LID T4N2M0 estadio IIIB, tratado con QTRT concomitante con CBDCA-Taxol fin 12/12/19"
2025-05-10 19:00:13,860 | WARNING | Misclasificado (idx=14) – pred=0, real=1, prob=0.097 | texto="(Jul 22 2024  8:36PM ) Varón de 79 años. 1. 27 de Diciembre 2002 se realizó sigmoidectomía por adenocarcinoma de colon G1pT3N1M0.El 17 de Febrero 2003 comenzó tratamiento con quimioterapia adyuvante con esquema Clínica Mc Londres del que recibe tres ciclos. Desde el 15 de Octubre al 19 de Noviembre "
2025-05-10 19:00:19,022 | WARNING | Misclasificado (idx=17) – pred=1, real=0, prob=0.957 | texto="(Abr  2 2024  1:35PM ) n antecedentes de psoriasis es diagnosticado de un condrosarcoma de pared torcacica resecado en diciembre del 2013. Recidiva local en Octubre 2016, resecada (AP: infiltracion focal por condrosarcoma de bajo grado) y radiada (fin feb 2017) Colono julio/19: Adenoma tubulovelloso"
2025-05-10 19:00:19,022 | WARNING | Misclasificado (idx=22) – pred=1, real=0, prob=0.983 | texto="(Nov 20 2024 12:56PM ) 1. Paciente de 78a con Ca. VB Extrahepátca resecado el 8/6/23 pT2N0, Est.IIB --> Adenocarcinoma tipo híbrido (origen mixto intestinal y biliar) de coledoco distal intrapancreático, moderadamente diferenciado de 3.5 cm. 6 mm de espesor máximo de infiltración. Infiltración focal"
2025-05-10 19:00:19,023 | WARNING | Misclasificado (idx=24) – pred=1, real=0, prob=0.983 | texto="(Sep 25 2024  9:20PM ) 1. Paciente de 60 años diagnosticada a los en Noviembre de 2016 a los 55 años de un carcinoma ductal infiltrante de Mama derecha cT2 N1 M0 fenotipo TRIPLE NEGATIVO tratada con quimioterapia neoadyuvante (AC x 4 y Paclitaxel x 12 con reducción de dosis), posterior cirugía conse"
2025-05-10 19:00:24,224 | WARNING | Misclasificado (idx=40) – pred=1, real=0, prob=0.961 | texto="(Jun  9 2024  2:03PM ) -Adenocarcinoma de Colon , T3N1b (estadio III) intervenido, sin tratamiento neo/adyuvante, sin signos de recidiva en la actualidad.   -Adenocarcinoma pulmonar T4N3 (estadio IIIB), EFGR, ALK y ROS1 negativos, (Febrero 2016)   QT-RT CONCOMITANTES -QT + RT concomitantes (fin juni"
2025-05-10 19:00:29,356 | WARNING | Misclasificado (idx=49) – pred=1, real=0, prob=0.512 | texto="(May 25 2023 11:50AM ) Paciente de 62 años, diagnosticado e intervenido en 2000 de leiomiosarcoma de MID, con posterior recaída en 2005 y 2006. Ha recibido IFO-Adria (2006), así como RT (2005). Desde entonces no signos de recidiva tumoral. Posible TCG en RMN (dedo índice de mano izquierda). Radioder"
2025-05-10 19:00:29,357 | WARNING | Misclasificado (idx=58) – pred=0, real=1, prob=0.234 | texto="(Oct 10 2023 12:12PM ) Paciente de 55 años diagnosticada a los 52 años en HMI en 2019 siendo postmenopáusica de cancer de mama bilateral: - DCIS de MD G2 - CDI de MI bifocal G2, T3 (8,2cm) N0 M0 RE 90%, RP 80%, Ki 67 20%, Her2: NEGATIVO, SISH no amplificado tratada mediante quimioterapia neoadyuvant"
2025-05-10 19:00:34,572 | WARNING | Misclasificado (idx=73) – pred=1, real=0, prob=0.832 | texto="(Abr  9 2024 12:48PM ) Paciente de 73 años, diagnosticada de Ca. mama izquierda, Her2 3+, con metástasis cerebral resecada en 2008, en seguimiento. ILE > 16 años.  Otros: fractura de húmero izquierdo en 2016. "
2025-05-10 19:00:34,573 | WARNING | Misclasificado (idx=74) – pred=0, real=1, prob=0.075 | texto="(Nov 21 2023  5:43PM ) * Intervenida en Feb 2017 mediante mastectomía izquierda + BSGC: Carcinoma ductal infiltrante, Luminal B, estadio IIA, alto riesgo por plataforma. * QT (AC-Docetaxel) * Tamoxifeno desde Sept 2017 hasta mayo 2023. Otros: reconstrucción mamaria izquierda en Liechtenstein. Nódulo"
2025-05-10 19:00:34,573 | WARNING | Misclasificado (idx=77) – pred=1, real=0, prob=0.990 | texto="(Mar 30 2023 12:22PM ) Mujer de 79 años, con antecedentes de : 1. Ca. mama tratada con QT / RT / Autotransplante MO en 1995 2. Cardiopatía hipertensiva. FARVR controlada. 3. Sarcoma fusocelular mediastínico posiblemente radioinducido. 4. G8: 7 puntos."
2025-05-10 19:00:39,682 | WARNING | Misclasificado (idx=83) – pred=0, real=1, prob=0.014 | texto="(Feb  6 2024 10:47AM ) Mujer de 69 años, con antecedentes de HTA, DM, Parkinson y trastorno histriónico de la personalidad, es diagnosticada en Diciembre 2022 de un CDI en CSI de MD G2 pT1c (15mm) N0(0/1)M0. Estadio IB. intervenida el 10/01/2023 mediante tumorectomia ampliada + BSGC IHQ: RE: 100%, R"
2025-05-10 19:00:39,683 | WARNING | Misclasificado (idx=95) – pred=1, real=0, prob=0.653 | texto="(Nov 27 2024  1:29PM ) 1. Paciente de 69a, sin AP de interés, fumador, dx de MTS óseas, hepáticas y Adenopáticas de ADC de origen no filiado. NGC con mutación de IDH1 y BAP1; sugieren colangiocarcinoma intrahepático. 2.  RT paliativa en 5/1/24. 2fx separadas 1 semana en dorsal alta T2 y T5 + pala il"
2025-05-10 19:00:44,799 | WARNING | Misclasificado (idx=109) – pred=0, real=1, prob=0.379 | texto="(Dic 30 2024  7:35PM ) AP de Carcinoma de mama en 2004. ---- CARCINOMA SEROSO DE ALTO GRADO DE ENDOMETRIO INFILTRA LA TOTALIDAD DEL MIOMETRIO ALCANZANDO FOCALMENTE LA SEROSA (ESTADIO IIIA) - 14/10/21:HISTERECTOMÍA TOTAL + ANEXECTOMÍA DERECHA. LINFADENECTOMÍA PÉLVICA BILATERAL. LINFADENECTOMÍA PARAAÓ"
2025-05-10 19:00:44,799 | WARNING | Misclasificado (idx=110) – pred=1, real=0, prob=0.513 | texto="(May 14 2024 11:25AM ) Mujer 85 años.  ANTECEDENTES - Cardiopatía HTA. Hipertrofia de VI con FSVI conservada. - Enfermedad renal crónica estadio 3b. (en seguimiento por nefro) - HTA. DM - 2. Hipertrigliceridemia. - Obesidad - Ingreso el 26/7/22 a 2/8/22 por: - TEP bilateral con estabilidad hemodinám"
2025-05-10 19:00:55,014 | WARNING | Misclasificado (idx=132) – pred=1, real=0, prob=0.523 | texto="(Jun  6 2024 11:21AM ) Varón de 59 con antecedentes de artropatía degenerativa severa en seguimiento por U.Dolor. Diagnosticado en abril de 2023 de adenocarcinoma acinar Gleason 9 (5+4) cT4 (infiltración de vesicula seminal) cN1, M1b (afectación ósea múltiple en esqueleto axial y apendicular: supers"
2025-05-10 19:00:55,014 | WARNING | Misclasificado (idx=136) – pred=1, real=0, prob=0.917 | texto="(Ene 17 2024  1:46PM ) Mujer de 76 años, NAMC, con AP de HTA, DM tipo 2, DLP, ca. Mama izq en CSE intervenida y tratada con RT hace 25 años.   - Diagnosticada de CARCINOMA DUCTAL INFILTRANTE DE MAMA IZQUIERDA en UCI con presencia de Ca intraductal grado intermedio (<25%) con extensión a grandes cond"
2025-05-10 19:01:00,073 | WARNING | Misclasificado (idx=156) – pred=0, real=1, prob=0.103 | texto="(Ene 31 2025  1:40PM ) 1. Intervenida en Sept. 2019 mediante exanteración pélvica (+ colostomía): Cistadenocarcinoma seroso papilar de ovario estadio IV. QT adyuvante (Carbo-Taxol) que finaliza en Marzo 2020. Otros hallazgos AP: TNE bien diferenciado rectal, de 1,5 cm, G2, índice mitósico < 2, Ki67 "
2025-05-10 19:01:00,073 | WARNING | Misclasificado (idx=158) – pred=0, real=1, prob=0.027 | texto="(Oct 14 2024  4:25PM ) - Paciente diagnosticada de adenocarcinoma endometroide de endometrio G2 Estadio III (pT1bN1). Intervenida el día 15.12.2016: HISTERECTOMÍA + DOBLE ANEXECTOMÍA. MUESTREO GANGLIONAR: REALIZADO= ILÍACO BILATERAL Y AORTO CAVA. Posteriormente ha realizado tratamiento RT desde 25/1"
2025-05-10 19:01:05,154 | WARNING | Misclasificado (idx=163) – pred=1, real=0, prob=0.965 | texto="(Abr 11 2024 11:45AM ) 1. Paciente menopáusica diagnosticada en nov. 2017 de carcinoma de MD de tipo apocrino G2, luminal B, Her2 -, Ki67 20%. * QT neoadyuvante (AC-docetaxel, fin mayo 2018, inició QT en Andalucía). * Intervenida el 28/06/18 mediante cirugía conservadora + GC: respuesta parcial pobr"
2025-05-10 19:01:05,155 | WARNING | Misclasificado (idx=172) – pred=1, real=0, prob=0.984 | texto="(Jun  8 2023 11:52AM ) Paciente de 77 años de edad, con AP de ulcus gástrico   1. CPNCP escamoso estadio IIIA diagnosticado en junio 2009. QT cisplatino-gemcitabina neoadyuvante x 3 ciclos. Lobectomía superior derecha en noviembre 2009. T0N0M0 2. Recaída ganglionar mediastínica en noviembre 2014 tra"
2025-05-10 19:01:09,333 | WARNING | Misclasificado (idx=179) – pred=1, real=0, prob=0.936 | texto="(Dic 16 2024  2:24PM ) Varón 73 años. EPOC, asma. Pre/síncopes de perfil neuromediado. Estudiado por Cardiología en 2021. - 2015: Linfoma de Hodgkin clásico (cel. mixta) estadio IIIBS. ABVD x 6. Fin enero 2016. RC tras 4 ciclos. - Agosto 2021: LF G1, estadio IIIA (afectación ganglionar axila, medias"
2025-05-10 19:01:09,333 | WARNING | Misclasificado (idx=183) – pred=0, real=1, prob=0.018 | texto="(Sep 29 2024 11:57PM ) Varón 45 años.  Sin antecedentes.   - Octubre 2022: Micosis fungoide.  Comienza tratamiento y seguimiento en este centro por Dermatología. Inicialmente fototerapia.  Julio 202: metotrexate 7.5mg/semanal + lexxema.  - Octubre 2023: Sd Sézary. Inicia el 13/11/2023 caelyx 40mg/m2"
2025-05-10 19:01:11,973 | INFO | Test – AUC 0.9288 | F1 0.8763 | Accuracy 0.8730
2025-05-10 19:01:13,143 | INFO | Trabajo completado con éxito 
