2025-05-09 21:52:27,370 | INFO | Logger inicializado en C:\Users\jesus\OneDrive - Universidad de Málaga\Cuarto\TFG\NeoplasiaClassifier-ES\output\xlm_roberta\xlm_roberta2\run.log
2025-05-09 21:52:27,370 | INFO | Configuración cargada de C:\Users\jesus\OneDrive - Universidad de Málaga\Cuarto\TFG\NeoplasiaClassifier-ES\config.yaml
2025-05-09 21:52:27,371 | INFO | >>> Modo entrenamiento simple
2025-05-09 22:37:40,839 | INFO | Epoch 1 | TrainLoss 0.7002 | ValAUC 0.5649
2025-05-09 23:22:03,535 | INFO | Epoch 2 | TrainLoss 0.6606 | ValAUC 0.7762
2025-05-10 00:06:29,504 | INFO | Epoch 3 | TrainLoss 0.5744 | ValAUC 0.7618
2025-05-10 00:53:38,957 | INFO | Epoch 4 | TrainLoss 0.5337 | ValAUC 0.7705
2025-05-10 01:38:47,831 | INFO | Epoch 5 | TrainLoss 0.4893 | ValAUC 0.7592
2025-05-10 02:23:56,763 | INFO | Epoch 6 | TrainLoss 0.4014 | ValAUC 0.7925
2025-05-10 03:09:11,559 | INFO | Epoch 7 | TrainLoss 0.3776 | ValAUC 0.8246
2025-05-10 03:54:33,803 | INFO | Epoch 8 | TrainLoss 0.2893 | ValAUC 0.7814
2025-05-10 04:39:41,456 | INFO | Epoch 9 | TrainLoss 0.2746 | ValAUC 0.8251
2025-05-10 05:25:01,702 | INFO | Epoch 10 | TrainLoss 0.1946 | ValAUC 0.8101
2025-05-10 06:11:29,214 | INFO | Epoch 11 | TrainLoss 0.1926 | ValAUC 0.7944
2025-05-10 06:56:40,616 | INFO | Epoch 12 | TrainLoss 0.1806 | ValAUC 0.7886
2025-05-10 07:42:20,616 | INFO | Epoch 13 | TrainLoss 0.1107 | ValAUC 0.8002
2025-05-10 08:27:20,174 | INFO | Epoch 14 | TrainLoss 0.1191 | ValAUC 0.8101
2025-05-10 09:12:49,051 | INFO | Epoch 15 | TrainLoss 0.1321 | ValAUC 0.8298
2025-05-10 09:13:01,223 | WARNING | Misclasificado (idx=2) – pred=1, real=0, prob=0.712 | texto="(Sep 15 2023  3:15PM ) Mujer de 80 años con antecedentes de colangiocarcinoma intervenido en 2018. Diagnosticada de carcinoma no microcítico de pulmón Estadio IVA TxNxM1a (nódulos múltiples bilaterales).  **Sin material para biomarcadores.   "
2025-05-10 09:13:01,230 | WARNING | Misclasificado (idx=4) – pred=0, real=1, prob=0.255 | texto="(Nov 19 2024  1:31PM ) HTA. Extrasistolias ventriculares. 1. Intervenida en Septiembre del 2019 de un fibroxantoma atípico de 2.5cm supraescapular izquierdo mediante biopsia escisional. 2. Adenocarcinoma de pulmón en LID T4N2M0 estadio IIIB, tratado con QTRT concomitante con CBDCA-Taxol fin 12/12/19"
2025-05-10 09:13:01,230 | WARNING | Misclasificado (idx=7) – pred=0, real=1, prob=0.026 | texto="(Ene  3 2024 11:41AM ) Paciente de 70 años con AP de exfumador desde hace más de 21 años, DM e HTA intervenido de urgencias el 05/10/2022 por obstrucción de ADC a nivel ángulo hepático y colon transverso pT3N0 (0/14)Mx (No TC tórax). MSS. Prevista adyuvancia con Capecitabina que finalmente no se rea"
2025-05-10 09:13:01,231 | WARNING | Misclasificado (idx=14) – pred=0, real=1, prob=0.027 | texto="(Jul 22 2024  8:36PM ) Varón de 79 años. 1. 27 de Diciembre 2002 se realizó sigmoidectomía por adenocarcinoma de colon G1pT3N1M0.El 17 de Febrero 2003 comenzó tratamiento con quimioterapia adyuvante con esquema Clínica Mc Londres del que recibe tres ciclos. Desde el 15 de Octubre al 19 de Noviembre "
2025-05-10 09:13:06,300 | WARNING | Misclasificado (idx=16) – pred=1, real=0, prob=0.980 | texto="(Oct 20 2023 10:18AM ) Adenocarcinoma de pulmón estadio lllA (primario resecado en LSD) PDL1- no mutaciones EGFR ALK ROS negativos y adenopatia espacio 4R resecada de forma subtotal R2 por afectación de la cava y tratada con RT (fin el 14/04/2021). Desde entonces en seguimiento sin datos de enfermed"
2025-05-10 09:13:06,301 | WARNING | Misclasificado (idx=17) – pred=1, real=0, prob=0.985 | texto="(Abr  2 2024  1:35PM ) n antecedentes de psoriasis es diagnosticado de un condrosarcoma de pared torcacica resecado en diciembre del 2013. Recidiva local en Octubre 2016, resecada (AP: infiltracion focal por condrosarcoma de bajo grado) y radiada (fin feb 2017) Colono julio/19: Adenoma tubulovelloso"
2025-05-10 09:13:06,301 | WARNING | Misclasificado (idx=21) – pred=0, real=1, prob=0.032 | texto="(Ago 24 2023 12:31PM ) - Adenocarcinoma mucinoso de colon ascendente estadio IIIB: pT3a/b N1c (0/8, UN DEPÓSITO)M0, G2. Bd1-TUMOR BUDDING BAJO. RESPUESTA LINFOCÍTICA INTRATUMORAL: LEVE. RESPUESTA LINFOCÍTICA PERITUMORAL: LEVE-MODERADA. MSS. CDX2: POSITIVIDAD INTENSA Y DIFUSA EN LA TOTALIDAD DE LAS C"
2025-05-10 09:13:06,302 | WARNING | Misclasificado (idx=24) – pred=1, real=0, prob=0.884 | texto="(Sep 25 2024  9:20PM ) 1. Paciente de 60 años diagnosticada a los en Noviembre de 2016 a los 55 años de un carcinoma ductal infiltrante de Mama derecha cT2 N1 M0 fenotipo TRIPLE NEGATIVO tratada con quimioterapia neoadyuvante (AC x 4 y Paclitaxel x 12 con reducción de dosis), posterior cirugía conse"
2025-05-10 09:13:11,390 | WARNING | Misclasificado (idx=37) – pred=0, real=1, prob=0.086 | texto="(Abr  1 2024  5:59PM ) Paciente de 81 años con antecedentes de cáncer de cabeza y cuello en 2013. Diagnosticada en julio de 2022 de adenocarcinoma de sigma mucinoso bien diferenciado E. IIA (pT3, N0[0/13],M0), MSS, sin invasión linfovascular ni perineural. Intervenida mediante sigmoidectomía program"
2025-05-10 09:13:11,391 | WARNING | Misclasificado (idx=40) – pred=1, real=0, prob=0.979 | texto="(Jun  9 2024  2:03PM ) -Adenocarcinoma de Colon , T3N1b (estadio III) intervenido, sin tratamiento neo/adyuvante, sin signos de recidiva en la actualidad.   -Adenocarcinoma pulmonar T4N3 (estadio IIIB), EFGR, ALK y ROS1 negativos, (Febrero 2016)   QT-RT CONCOMITANTES -QT + RT concomitantes (fin juni"
2025-05-10 09:13:16,531 | WARNING | Misclasificado (idx=56) – pred=0, real=1, prob=0.133 | texto="(Abr  9 2024  5:58PM ) Mujer de 73 años, con antecedentes de colelitiasis e hipoacusia neurosensorial izquierda de larga data:  1. Diagnosticada en Abril 2023 de un Adenocarcinoma de sigma, con obstrucción intestinal de debut que precisó sigmoidectomía con colostomía terminal de urgencia. pT4a pN0 ("
2025-05-10 09:13:16,541 | WARNING | Misclasificado (idx=57) – pred=0, real=1, prob=0.065 | texto="(Ago 22 2023  6:53PM ) 1.-SEMINOMA TESTICULAR IZDO (11,5 cm, características anaplasicas, invasión de rete testis), pT1bN0M0, tratado con orquiectomia inguinal izda en diciembre 2015. Estudio de extensión negativo. Marcadores negativos post cirugía. QT adyuvante con carboplatino AUC 7 x 2 ciclos. Fi"
2025-05-10 09:13:21,682 | WARNING | Misclasificado (idx=68) – pred=0, real=1, prob=0.043 | texto="(Nov 30 2023 10:58AM ) Paciente de 71 años, con AP de HTA, FA, sínd. ansioso-depresivo, temblor esencial familiar, prostatismo con PSA normal y cervicoartrosis. HISTORIA ONCOLÓGICA: 1. Aporta biopsia de Islas Baleares (31/7/13): melanoma maligno de células epiteloides, Breslow 0'5 cm índice mitósico"
2025-05-10 09:13:21,682 | WARNING | Misclasificado (idx=74) – pred=0, real=1, prob=0.058 | texto="(Nov 21 2023  5:43PM ) * Intervenida en Feb 2017 mediante mastectomía izquierda + BSGC: Carcinoma ductal infiltrante, Luminal B, estadio IIA, alto riesgo por plataforma. * QT (AC-Docetaxel) * Tamoxifeno desde Sept 2017 hasta mayo 2023. Otros: reconstrucción mamaria izquierda en Liechtenstein. Nódulo"
2025-05-10 09:13:21,682 | WARNING | Misclasificado (idx=77) – pred=1, real=0, prob=0.525 | texto="(Mar 30 2023 12:22PM ) Mujer de 79 años, con antecedentes de : 1. Ca. mama tratada con QT / RT / Autotransplante MO en 1995 2. Cardiopatía hipertensiva. FARVR controlada. 3. Sarcoma fusocelular mediastínico posiblemente radioinducido. 4. G8: 7 puntos."
2025-05-10 09:13:21,683 | WARNING | Misclasificado (idx=78) – pred=1, real=0, prob=0.996 | texto="(May 21 2024  1:04PM ) Paciente de 78 años. Alergia a Penicilina, AAS y derivado, Síndrome depresivo 1. Diagnosticada e intervenida en Marzo de 2022 de un Adenocarcinoma de pulmón estadio IIA (pT2bN0M0). EGFR delección del exón 19. PDL1: 0%, ALK y ROS1 negativo. Intervenido mediante lobectomía super"
2025-05-10 09:13:26,750 | WARNING | Misclasificado (idx=83) – pred=0, real=1, prob=0.023 | texto="(Feb  6 2024 10:47AM ) Mujer de 69 años, con antecedentes de HTA, DM, Parkinson y trastorno histriónico de la personalidad, es diagnosticada en Diciembre 2022 de un CDI en CSI de MD G2 pT1c (15mm) N0(0/1)M0. Estadio IB. intervenida el 10/01/2023 mediante tumorectomia ampliada + BSGC IHQ: RE: 100%, R"
2025-05-10 09:13:31,840 | WARNING | Misclasificado (idx=96) – pred=1, real=0, prob=0.779 | texto="(Nov 11 2024  2:31PM ) Paciente varón con AP de HTA, DM, TEP crónico 02/2024, SAHS severo (CPAP), EPOC, Hiperuricemia, ICC GF III de la NYHA, Miocardiopatía dilatada con FEVI deprimida, Insuficiencia mitral masiva con mitraclip, Implante de DAI, IAM en 2009 con ICP, HTP severa y Arteriopatía perifér"
2025-05-10 09:13:31,840 | WARNING | Misclasificado (idx=109) – pred=0, real=1, prob=0.097 | texto="(Dic 30 2024  7:35PM ) AP de Carcinoma de mama en 2004. ---- CARCINOMA SEROSO DE ALTO GRADO DE ENDOMETRIO INFILTRA LA TOTALIDAD DEL MIOMETRIO ALCANZANDO FOCALMENTE LA SEROSA (ESTADIO IIIA) - 14/10/21:HISTERECTOMÍA TOTAL + ANEXECTOMÍA DERECHA. LINFADENECTOMÍA PÉLVICA BILATERAL. LINFADENECTOMÍA PARAAÓ"
2025-05-10 09:13:31,841 | WARNING | Misclasificado (idx=110) – pred=1, real=0, prob=0.982 | texto="(May 14 2024 11:25AM ) Mujer 85 años.  ANTECEDENTES - Cardiopatía HTA. Hipertrofia de VI con FSVI conservada. - Enfermedad renal crónica estadio 3b. (en seguimiento por nefro) - HTA. DM - 2. Hipertrigliceridemia. - Obesidad - Ingreso el 26/7/22 a 2/8/22 por: - TEP bilateral con estabilidad hemodinám"
2025-05-10 09:13:36,916 | WARNING | Misclasificado (idx=117) – pred=0, real=1, prob=0.075 | texto="(Mar 14 2024  5:49PM ) Sin antecedentes médicos relevantes. - Paciente postmenopausica. CDI pG1 T1 (12mm) N0 (0+/2) M0, RE +100%, RP +100%, Her 2 negativo (IHQ), Ki 67 del 10%. Tratada con cirugía conservadora en noviembre 2012. Radioterapia adyuvante mama izquierda y radical sobre axila izquierda ("
2025-05-10 09:13:36,916 | WARNING | Misclasificado (idx=120) – pred=0, real=1, prob=0.024 | texto="(Ene 31 2024  1:12PM )  - Paciente tratada en julio 2021 mediante mastectomía derecha y VA de un CDI de MD perfil triple negativo G3 Ki67 50% (SISH negativo) y resultado pT2 (38mm) N1a (1/9) M0 estadio IIB. Dada la edad de la paciente y la comorbilidad únicamente se valoró RT adyuvante que finalment"
2025-05-10 09:13:41,983 | WARNING | Misclasificado (idx=130) – pred=0, real=1, prob=0.024 | texto="(Nov 25 2024  1:04PM ) 1. Mujer de 74 años HTA y dislipémica,  en silla ruedas Diagnosticada en otro centro en Julio del 2020 de CDI de mama derecha, cT2 ( 4cm) cN1+M0  triple negativo KI 67 40%. Estudio de extensión  negativo.  2. Tratada con QT neoadyuvante (  paclitaxel x6 )  y posterior cirugia "
2025-05-10 09:13:41,983 | WARNING | Misclasificado (idx=132) – pred=1, real=0, prob=0.627 | texto="(Jun  6 2024 11:21AM ) Varón de 59 con antecedentes de artropatía degenerativa severa en seguimiento por U.Dolor. Diagnosticado en abril de 2023 de adenocarcinoma acinar Gleason 9 (5+4) cT4 (infiltración de vesicula seminal) cN1, M1b (afectación ósea múltiple en esqueleto axial y apendicular: supers"
2025-05-10 09:13:41,984 | WARNING | Misclasificado (idx=136) – pred=1, real=0, prob=0.994 | texto="(Ene 17 2024  1:46PM ) Mujer de 76 años, NAMC, con AP de HTA, DM tipo 2, DLP, ca. Mama izq en CSE intervenida y tratada con RT hace 25 años.   - Diagnosticada de CARCINOMA DUCTAL INFILTRANTE DE MAMA IZQUIERDA en UCI con presencia de Ca intraductal grado intermedio (<25%) con extensión a grandes cond"
2025-05-10 09:13:41,984 | WARNING | Misclasificado (idx=138) – pred=1, real=0, prob=0.988 | texto="(Abr 14 2023 11:01AM ) 1. Diagnosticada en Marzo 2019 de un Melanoma región poplítea izquierda Breslow 1.5. cT2aN0M0. Estadio IB. Tratado mediante exéresis tumoral y BSGC negativa. BRAF mutado.  2. Enero 2021: Progresión con metástasis en transito en muslo izquierdo. Intervenida mediante exeresis el"
2025-05-10 09:13:41,984 | WARNING | Misclasificado (idx=143) – pred=0, real=1, prob=0.019 | texto="(Ene  9 2024  3:49PM ) Diagnosticado en Enero de 2018 de un liposarcoma mixoide de bajo grado en muslo derecho, T2 (9.5cm)N0M0. Recibe tratamiento con RT preoperatoria y posterior resección ampliada en mayo/19. Bordes libres CA MEDULAR DE TIROIDES TRATADO CON CX EN REVISIONES POR ENDOCRINOLOGÍA"
2025-05-10 09:13:47,072 | WARNING | Misclasificado (idx=145) – pred=1, real=0, prob=0.996 | texto="(Feb 25 2025  4:24PM ) Paciente mujer de 65 años, postmenopausica, diagnostica en mayo de 2024 de un carcinoma ductal infiltrante de mama derecha G3I, triple negativo, estadio al menos IIA (T2 N0 Mx). GGO negativa. TC Ganglios axilares derechos inespecíficos, uno de ellos (el más caudal) redondeado,"
2025-05-10 09:13:47,073 | WARNING | Misclasificado (idx=147) – pred=0, real=1, prob=0.378 | texto="(Nov 27 2023  5:57PM ) VARÓN 54 AÑOS: Tumor testicular no seminoma estadio I (Junio 2006). Adenocarcinoma de sigma estadio IIIB (Abril 2016). FOLFOX adyuvante. MSS, sin criterios de Amsterdam. En revisiones sin recidiva. Secuelas por los tratamientos que le alteran su calidad de vida y le limitan pa"
2025-05-10 09:13:47,073 | WARNING | Misclasificado (idx=149) – pred=0, real=1, prob=0.292 | texto="(Mar 11 2024  5:11PM ) Historia oncológica (más completa en Doctor 24/10/19). Paciente de 55 años actualmente, premenopáusica al diagnóstico, diagnosticada en Marzo 2017 de un carcinoma ductal infiltrante de mama izquierda cT2N1M0, HER2 enriched, que ha completado neoadyuvancia con ACx4 seguido de D"
2025-05-10 09:13:47,073 | WARNING | Misclasificado (idx=151) – pred=1, real=0, prob=0.711 | texto="(Feb 25 2025  5:51PM ) Mujer de 55 años, perimenopáusica que es intervenida en centro externo el 21/02/2024 de tumorectomía de mama izquierda en CSE + BSGC con resultado de: .- Carcinoma ductal invasor de CSE de MI, de 3 cm, grado histológico II. Sin factores de riesgo histológicos. Margen más próxi"
2025-05-10 09:13:47,074 | WARNING | Misclasificado (idx=154) – pred=0, real=1, prob=0.497 | texto="(Jun 29 2023  2:35PM ) ALERGIA A AINEs - LNH MALT gástrico tratado con terapia OCA sin éxito. RTE (fin en noviembre de 2008) - Neo mama 1989. MASTECTOMIA - Nódulos tiroideos en seguimiento por endocrino. PAAF previa - Enfermedad Renal C estadio 3b A1 por disminución de la masa nefronal. Bajo riesgo "
2025-05-10 09:13:47,074 | WARNING | Misclasificado (idx=156) – pred=0, real=1, prob=0.018 | texto="(Ene 31 2025  1:40PM ) 1. Intervenida en Sept. 2019 mediante exanteración pélvica (+ colostomía): Cistadenocarcinoma seroso papilar de ovario estadio IV. QT adyuvante (Carbo-Taxol) que finaliza en Marzo 2020. Otros hallazgos AP: TNE bien diferenciado rectal, de 1,5 cm, G2, índice mitósico < 2, Ki67 "
2025-05-10 09:13:47,074 | WARNING | Misclasificado (idx=158) – pred=0, real=1, prob=0.024 | texto="(Oct 14 2024  4:25PM ) - Paciente diagnosticada de adenocarcinoma endometroide de endometrio G2 Estadio III (pT1bN1). Intervenida el día 15.12.2016: HISTERECTOMÍA + DOBLE ANEXECTOMÍA. MUESTREO GANGLIONAR: REALIZADO= ILÍACO BILATERAL Y AORTO CAVA. Posteriormente ha realizado tratamiento RT desde 25/1"
2025-05-10 09:13:52,126 | WARNING | Misclasificado (idx=162) – pred=0, real=1, prob=0.273 | texto="(Jun 21 2023 12:08PM ) PACIENTE CON ANTECEDENTES DE MELANOMA Y ANEURISMAS CEREBRALES ADENOMA SUPRARRENAL Y CUSHING CEA ELEVADO ESTABLE HEMICOLECTOMIA DERECHA EN 2009 POR TNE G1-2 T2NXMO 26 DE MAYO 2010 SE REALIZO LAPAROTOMIA EXPLORADORA OBSERVANDOSE NODULO DE 2 CM MESENTERICO A NIVEL DEL PEDICULO RE"
2025-05-10 09:13:52,126 | WARNING | Misclasificado (idx=172) – pred=1, real=0, prob=0.997 | texto="(Jun  8 2023 11:52AM ) Paciente de 77 años de edad, con AP de ulcus gástrico   1. CPNCP escamoso estadio IIIA diagnosticado en junio 2009. QT cisplatino-gemcitabina neoadyuvante x 3 ciclos. Lobectomía superior derecha en noviembre 2009. T0N0M0 2. Recaída ganglionar mediastínica en noviembre 2014 tra"
2025-05-10 09:13:52,127 | WARNING | Misclasificado (idx=175) – pred=0, real=1, prob=0.478 | texto="(Ene  7 2025 12:24PM ) - Carcinoma escamoso de laringe tratado con cirugía radical y RT adyuvante en 2012. - Carcinoma epidermoide en adenopatía hiliar como único hallazgo, que me sugiere más una neoplasia de origen pulmonar, al menos TxN1M0, estado IIB candidato a QT-RT con intención radical con re"
2025-05-10 09:13:56,255 | WARNING | Misclasificado (idx=179) – pred=1, real=0, prob=0.996 | texto="(Dic 16 2024  2:24PM ) Varón 73 años. EPOC, asma. Pre/síncopes de perfil neuromediado. Estudiado por Cardiología en 2021. - 2015: Linfoma de Hodgkin clásico (cel. mixta) estadio IIIBS. ABVD x 6. Fin enero 2016. RC tras 4 ciclos. - Agosto 2021: LF G1, estadio IIIA (afectación ganglionar axila, medias"
2025-05-10 09:13:56,256 | WARNING | Misclasificado (idx=183) – pred=0, real=1, prob=0.014 | texto="(Sep 29 2024 11:57PM ) Varón 45 años.  Sin antecedentes.   - Octubre 2022: Micosis fungoide.  Comienza tratamiento y seguimiento en este centro por Dermatología. Inicialmente fototerapia.  Julio 202: metotrexate 7.5mg/semanal + lexxema.  - Octubre 2023: Sd Sézary. Inicia el 13/11/2023 caelyx 40mg/m2"
2025-05-10 09:13:56,256 | WARNING | Misclasificado (idx=185) – pred=0, real=1, prob=0.106 | texto="(Jun 28 2023  1:48PM ) Mujer premenopausica diagnosticada en abril de 2013 de un  CDI mama derecha de 1.7 cm grado 2 RE+ RPHerceptest+ SLN negtivo, tratada con cirugia conservadora: AC x 4 +Herceptin+TMX. Fin tamoxifeno en Sept 2018. "
2025-05-10 09:13:58,966 | INFO | Test – AUC 0.8774 | F1 0.7778 | Accuracy 0.7884
2025-05-10 09:14:00,187 | INFO | Trabajo completado con éxito 
